// Jest Snapshot v1, https://goo.gl/fbAQLP

exports[`expect to render Alert Component 1`] = `
<AlertProvider>
  <Alert>
    <p
      className="flex items-start mb-4 space-x-2"
    >
      <svg
        className="w-6 h-6 flex-none mt-0.5"
        fill="none"
        viewBox="0 0 24 24"
      >
        <circle
          cx="12"
          cy="12"
          fill="#FECDD3"
          r="12"
        />
        <path
          d="M8 8l8 8M16 8l-8 8"
          stroke="#B91C1C"
          strokeWidth="2"
        />
      </svg>
      <span
        className="flex-1 text-base font-semibold leading-7 text-white"
      >
        <strong />
      </span>
    </p>
  </Alert>
</AlertProvider>
`;
